// Jest Snapshot v1, https://goo.gl/fbAQLP

exports[`Header tests renders correctly 1`] = `
<div>
  <div>
    <header
      class="header"
    >
      <div
        class="navbar"
      >
        <button
          class="logo"
        />
        <div>
          <a
            class="catLink"
            href="/category/computer-science"
          >
            Computer Science
          </a>
          <a
            class="catLink"
            href="/category/business"
          >
            Business
          </a>
          <a
            class="catLink"
            href="/category/data-science"
          >
            Data Science
          </a>
          <a
            class="catLink"
            href="/category/arts-and-humanities"
          >
            Arts and Humanities
          </a>
          <a
            class="catLink"
            href="/category/physical-science-and-engineering"
          >
            Physical Science and Engineering
          </a>
          <a
            class="catLink"
            href="/category/math-and-logic"
          >
            Math and Logic
          </a>
        </div>
        <div
          class="links"
        >
          <a
            class="barLink"
            href="/log-in"
          >
            Log In
          </a>
          <a
            class="barLink"
            href="/sign-up"
          >
            Sign Up
          </a>
        </div>
      </div>
    </header>
  </div>
</div>
`;
