// Jest Snapshot v1, https://goo.gl/fbAQLP

exports[`SignUp tests renders correctly 1`] = `
<div>
  <div>
    <div>
      <header
        class="header"
      >
        <div
          class="navbar"
        >
          <button
            class="logo"
          />
          <div>
            <a
              class="catLink"
              href="/category/computer-science"
            >
              Computer Science
            </a>
            <a
              class="catLink"
              href="/category/business"
            >
              Business
            </a>
            <a
              class="catLink"
              href="/category/data-science"
            >
              Data Science
            </a>
            <a
              class="catLink"
              href="/category/arts-and-humanities"
            >
              Arts and Humanities
            </a>
            <a
              class="catLink"
              href="/category/physical-science-and-engineering"
            >
              Physical Science and Engineering
            </a>
            <a
              class="catLink"
              href="/category/math-and-logic"
            >
              Math and Logic
            </a>
          </div>
          <div
            class="links"
          >
            <a
              class="barLink"
              href="/log-in"
            >
              Log In
            </a>
            <a
              class="barLink"
              href="/sign-up"
            >
              Sign Up
            </a>
          </div>
        </div>
      </header>
    </div>
    <section
      class="section"
    >
      <div
        class="container"
      >
        <div
          class="titleContainer"
        >
          <h1
            class="title"
          >
            Sign Up
          </h1>
        </div>
        <div
          class="formContainer"
        >
          <form
            class="form"
          >
            <div>
              <label
                class="label"
              >
                Username
              </label>
              <input
                class="input"
                required=""
                type="text"
              />
            </div>
            <div>
              <label
                class="label"
              >
                Name
              </label>
              <input
                class="input"
                required=""
                type="text"
              />
            </div>
            <div>
              <label
                class="label"
              >
                Email
              </label>
              <input
                class="input"
                placeholder="xxx@xxx.com"
                required=""
                type="email"
              />
            </div>
            <div>
              <label
                class="label"
              >
                Password
              </label>
              <input
                class="input"
                required=""
                type="password"
              />
            </div>
            <div>
              <label
                class="label"
              >
                Phone Number
              </label>
              <input
                class="input"
                pattern="[0-9]{3}-[0-9]{3}-[0-9]{4}"
                placeholder="xxx-xxx-xxxx"
                required=""
                type="tel"
              />
            </div>
            <div>
              <div>
                <label
                  class="label"
                  for="gender"
                >
                  Gender
                </label>
                <select
                  id="gender"
                  name="gender"
                >
                  <option
                    value="male"
                  >
                    Male
                  </option>
                  <option
                    value="female"
                  >
                    Female
                  </option>
                  <option
                    value="other"
                  >
                    Other
                  </option>
                </select>
              </div>
              <div>
                <label
                  class="label"
                  for="degree"
                >
                  Higest Degree
                </label>
                <select
                  id="degree"
                  name="degree"
                >
                  <option
                    value="bachelor"
                  >
                    Bachelor Degree Or Above
                  </option>
                  <option
                    value="hign-school"
                  >
                    High School
                  </option>
                  <option
                    value="other"
                  >
                    Other
                  </option>
                </select>
                <div>
                  <p>
                    Select a your age:
                  </p>
                  <input
                    checked=""
                    id="r1"
                    name="r1"
                    type="radio"
                    value="r1"
                  />
                  <label
                    for="r1"
                  >
                    Under 18
                  </label>
                  <input
                    checked=""
                    id="r2"
                    name="r1"
                    type="radio"
                    value="r2"
                  />
                  <label
                    for="r2"
                  >
                    18-40
                  </label>
                  <input
                    checked=""
                    id="r3"
                    name="r1"
                    type="radio"
                    value="r3"
                  />
                  <label
                    for="r3"
                  >
                    Above 40
                  </label>
                </div>
              </div>
            </div>
            <div
              class="btnContainer"
            >
              <button
                class="button"
              >
                 Cancel
              </button>
              <button
                class="button"
                type="submit"
              >
                 Sign Up
              </button>
            </div>
          </form>
        </div>
      </div>
    </section>
    <footer
      class="footer"
    >
      <div
        class="links"
      >
        <a
          class="link"
          href="/contact-us"
        >
          <h3>
            Contact Us
          </h3>
        </a>
        <a
          class="link"
          href="/about-us"
        >
          <h3>
            About Us
          </h3>
        </a>
      </div>
    </footer>
  </div>
</div>
`;
