// Jest Snapshot v1, https://goo.gl/fbAQLP

exports[`Course tests renders correctly 1`] = `
<div>
  <div>
    <header
      class="header"
    >
      <div
        class="navbar"
      >
        <button
          class="logo"
        />
        <div>
          <a
            class="catLink"
            href="/category/computer-science"
          >
            Computer Science
          </a>
          <a
            class="catLink"
            href="/category/business"
          >
            Business
          </a>
          <a
            class="catLink"
            href="/category/data-science"
          >
            Data Science
          </a>
          <a
            class="catLink"
            href="/category/arts-and-humanities"
          >
            Arts and Humanities
          </a>
          <a
            class="catLink"
            href="/category/physical-science-and-engineering"
          >
            Physical Science and Engineering
          </a>
          <a
            class="catLink"
            href="/category/math-and-logic"
          >
            Math and Logic
          </a>
        </div>
        <div
          class="links"
        >
          <a
            class="barLink"
            href="/log-in"
          >
            Log In
          </a>
          <a
            class="barLink"
            href="/sign-up"
          >
            Sign Up
          </a>
        </div>
      </div>
    </header>
  </div>
  <section
    class="section"
  >
    <div
      class="container"
    >
      <div
        class="imageContainer"
      >
        <img
          alt="Therapeutic Art Life Coach Certification (Accredited)"
          class="image"
          src="https://arhu.umd.edu/sites/default/files/2019-04/iStock-955549248%20composite-JC%20flat2%20opt1-min.jpg"
        />
      </div>
      <div
        class="titleContainer"
      >
        <h1
          class="title"
        >
          Therapeutic Art Life Coach Certification (Accredited)
        </h1>
      </div>
      <div
        class="instrcutorContainer"
      >
        <h3>
          Instructor:
        </h3>
        <p
          class="content"
        >
          Janet Giessl
        </p>
      </div>
      <div
        class="descriptionContainer"
      >
        <h3>
          Description:
        </h3>
        <p
          class="content"
        >
          Therapeutic Art: Help Clients Heal, Reduce Stress & Manifest Dreams with Mandalas, Affirmations, Vision Boards
        </p>
      </div>
    </div>
    <div
      class="linkContainer"
    >
      <a
        class="link"
        href="/registration-confirmation"
      >
        Registration
      </a>
    </div>
  </section>
  <footer
    class="footer"
  >
    <div
      class="links"
    >
      <a
        class="link"
        href="/contact-us"
      >
        <h3>
          Contact Us
        </h3>
      </a>
      <a
        class="link"
        href="/about-us"
      >
        <h3>
          About Us
        </h3>
      </a>
    </div>
  </footer>
</div>
`;
