// Jest Snapshot v1, https://goo.gl/fbAQLP

exports[`RegistrationConfirmation tests renders correctly 1`] = `
<div>
  <div>
    <header
      class="header"
    >
      <div
        class="navbar"
      >
        <button
          class="logo"
        />
        <div>
          <a
            class="catLink"
            href="/category/computer-science"
          >
            Computer Science
          </a>
          <a
            class="catLink"
            href="/category/business"
          >
            Business
          </a>
          <a
            class="catLink"
            href="/category/data-science"
          >
            Data Science
          </a>
          <a
            class="catLink"
            href="/category/arts-and-humanities"
          >
            Arts and Humanities
          </a>
          <a
            class="catLink"
            href="/category/physical-science-and-engineering"
          >
            Physical Science and Engineering
          </a>
          <a
            class="catLink"
            href="/category/math-and-logic"
          >
            Math and Logic
          </a>
        </div>
        <div
          class="links"
        >
          <a
            class="barLink"
            href="/log-in"
          >
            Log In
          </a>
          <a
            class="barLink"
            href="/sign-up"
          >
            Sign Up
          </a>
        </div>
      </div>
    </header>
  </div>
  <section
    class="section"
  >
    <div
      class="container"
    >
      <div
        class="titleContainer"
      >
        <h2
          class="title"
        >
          Registration Confirmation
        </h2>
      </div>
      <div
        class="titleContainer"
      >
        <h3
          class="title"
        >
          Course Name:
        </h3>
      </div>
      <p
        class="content"
      >
        Therapeutic Art Life Coach Certification (Accredited)
      </p>
      <div
        class="instrcutorContainer"
      >
        <h3
          class="title"
        >
          Instructor:
        </h3>
        <p
          class="content"
        >
          Janet Giessl
        </p>
      </div>
      <div>
        <button
          class="button"
        >
           Cancel
        </button>
        <button
          class="button"
        >
           Confirm
        </button>
      </div>
    </div>
  </section>
  <footer
    class="footer"
  >
    <div
      class="links"
    >
      <a
        class="link"
        href="/contact-us"
      >
        <h3>
          Contact Us
        </h3>
      </a>
      <a
        class="link"
        href="/about-us"
      >
        <h3>
          About Us
        </h3>
      </a>
    </div>
  </footer>
</div>
`;
